Some 1 erorr
some 2 errro
